># Example
#^ text.html.markdown markup.heading.markdown heading.1.markdown punctuation.definition.heading.markdown
# ^ text.html.markdown markup.heading.markdown heading.1.markdown
#  ^^^^^^^ text.html.markdown markup.heading.markdown heading.1.markdown entity.name.section.markdown
>
>```cypher
#^^^ text.html.markdown markup.fenced_code.block.markdown punctuation.definition.markdown
#   ^^^^^^ text.html.markdown markup.fenced_code.block.markdown fenced_code.block.language.markdown
>MATCH (u1:CommerceUser{user_id:$seller_id}),
#^^^^^ text.html.markdown markup.fenced_code.block.markdown meta.embedded.block.cypher keyword.control.cypher
#     ^^^^ text.html.markdown markup.fenced_code.block.markdown meta.embedded.block.cypher
#         ^^^^^^^^^^^^^ text.html.markdown markup.fenced_code.block.markdown meta.embedded.block.cypher entity.name.class
#                      ^^^^^^^^^^^^^^^^^^^^^^^ text.html.markdown markup.fenced_code.block.markdown meta.embedded.block.cypher
>      (u2:CommerceUser{user_id:$customer_id}),
#^^^^^^^^^ text.html.markdown markup.fenced_code.block.markdown meta.embedded.block.cypher
#         ^^^^^^^^^^^^^ text.html.markdown markup.fenced_code.block.markdown meta.embedded.block.cypher entity.name.class
#                      ^^^^^^^^^^^^^^^^^^^^^^^^^ text.html.markdown markup.fenced_code.block.markdown meta.embedded.block.cypher
>    p = allShortestPaths((u1)-[:PURCHASE*..{{depth}}]->(u2))
#^^^^^^^^ text.html.markdown markup.fenced_code.block.markdown meta.embedded.block.cypher
#        ^^^^^^^^^^^^^^^^ text.html.markdown markup.fenced_code.block.markdown meta.embedded.block.cypher keyword.control.cypher
#                        ^^^^^ text.html.markdown markup.fenced_code.block.markdown meta.embedded.block.cypher
#                             ^ text.html.markdown markup.fenced_code.block.markdown meta.embedded.block.cypher keyword.operator
#                              ^ text.html.markdown markup.fenced_code.block.markdown meta.embedded.block.cypher
#                               ^^^^^^^^^ text.html.markdown markup.fenced_code.block.markdown meta.embedded.block.cypher entity.name.class
#                                        ^ text.html.markdown markup.fenced_code.block.markdown meta.embedded.block.cypher keyword.operator
#                                         ^^^^^^^^^^^^ text.html.markdown markup.fenced_code.block.markdown meta.embedded.block.cypher
#                                                     ^ text.html.markdown markup.fenced_code.block.markdown meta.embedded.block.cypher keyword.operator
#                                                      ^^^^^^^ text.html.markdown markup.fenced_code.block.markdown meta.embedded.block.cypher
>WHERE u1 <> u2
#^^^^^ text.html.markdown markup.fenced_code.block.markdown meta.embedded.block.cypher keyword.control.cypher
#     ^^^^^^^^^^ text.html.markdown markup.fenced_code.block.markdown meta.embedded.block.cypher
>WITH
#^^^^ text.html.markdown markup.fenced_code.block.markdown meta.embedded.block.cypher keyword.control.cypher
>    reduce(output = [], n IN relationships(p) | output + n.create_time.epochMillis ) as relsDate,
#^^^^^^^^^^^^^^^^^^^^^^^^^^ text.html.markdown markup.fenced_code.block.markdown meta.embedded.block.cypher
#                          ^^ text.html.markdown markup.fenced_code.block.markdown meta.embedded.block.cypher keyword.control.cypher
#                            ^^^^^^^^^^^^^^^^^^^^^^^^^^^ text.html.markdown markup.fenced_code.block.markdown meta.embedded.block.cypher
#                                                       ^ text.html.markdown markup.fenced_code.block.markdown meta.embedded.block.cypher keyword.operator
#                                                        ^^ text.html.markdown markup.fenced_code.block.markdown meta.embedded.block.cypher
#                                                          ^^^^^^^^^^^^ text.html.markdown markup.fenced_code.block.markdown meta.embedded.block.cypher variable.property
#                                                                      ^^^^^^^^^^^^ text.html.markdown markup.fenced_code.block.markdown meta.embedded.block.cypher variable.property
#                                                                                  ^^^^^^^^^^^^^^^^ text.html.markdown markup.fenced_code.block.markdown meta.embedded.block.cypher
>    reduce(output = [], n IN nodes(p) | output + n ) as nodes
#^^^^^^^^^^^^^^^^^^^^^^^^^^ text.html.markdown markup.fenced_code.block.markdown meta.embedded.block.cypher
#                          ^^ text.html.markdown markup.fenced_code.block.markdown meta.embedded.block.cypher keyword.control.cypher
#                            ^^^^^^^^^^^^^^^^^^^ text.html.markdown markup.fenced_code.block.markdown meta.embedded.block.cypher
#                                               ^ text.html.markdown markup.fenced_code.block.markdown meta.embedded.block.cypher keyword.operator
#                                                ^^^^^^^^^^^^^^ text.html.markdown markup.fenced_code.block.markdown meta.embedded.block.cypher
>
>RETURN relsDate, nodes
#^^^^^^ text.html.markdown markup.fenced_code.block.markdown meta.embedded.block.cypher keyword.control.cypher
#      ^^^^^^^^^^^^^^^^^ text.html.markdown markup.fenced_code.block.markdown meta.embedded.block.cypher
>LIMIT $limit
#^^^^^ text.html.markdown markup.fenced_code.block.markdown meta.embedded.block.cypher keyword.control.cypher
#     ^^^^^^^^ text.html.markdown markup.fenced_code.block.markdown meta.embedded.block.cypher
>```
#^^^ text.html.markdown markup.fenced_code.block.markdown punctuation.definition.markdown
>